================================================================================
JobID = 10039314
User = u17479, Account = nhr_ni_dnlpss25_g04
Partition = standard96, Nodelist = gcn2400
================================================================================
bash: cannot set terminal process group (-1): Inappropriate ioctl for device
bash: no job control in this shell
Conda is already installed.
Conda environment 'dnlp' already exists.
Activating conda environment 'dnlp'...
dnlp
Retrieving notices: ...working... done
Channels:
 - pytorch
 - nvidia
 - conda-forge
Platform: linux-64
Collecting package metadata (repodata.json): ...working... done
Solving environment: ...working... done


==> WARNING: A newer version of conda exists. <==
    current version: 24.3.0
    latest version: 25.5.1

Please update conda by running

    $ conda update -n base -c conda-forge conda



# All requested packages already installed.

Channels:
 - conda-forge
 - huggingface
 - nvidia
 - pytorch
Platform: linux-64
Collecting package metadata (repodata.json): ...working... done
Solving environment: ...working... done


==> WARNING: A newer version of conda exists. <==
    current version: 24.3.0
    latest version: 25.5.1

Please update conda by running

    $ conda update -n base -c conda-forge conda



# All requested packages already installed.

Requirement already satisfied: explainaboard-client==0.1.4 in /mnt/vast-nhr/home/amon.poenitzsch/u17479/.conda/envs/dnlp/lib/python3.10/site-packages (0.1.4)
Requirement already satisfied: sacrebleu==2.4.0 in /mnt/vast-nhr/home/amon.poenitzsch/u17479/.conda/envs/dnlp/lib/python3.10/site-packages (2.4.0)
Requirement already satisfied: scikit_learn==1.6.1 in /mnt/vast-nhr/home/amon.poenitzsch/u17479/.conda/envs/dnlp/lib/python3.10/site-packages (1.6.1)
Requirement already satisfied: explainaboard-api-client>=0.4.3 in /mnt/vast-nhr/home/amon.poenitzsch/u17479/.conda/envs/dnlp/lib/python3.10/site-packages (from explainaboard-client==0.1.4) (0.4.3)
Requirement already satisfied: portalocker in /mnt/vast-nhr/home/amon.poenitzsch/u17479/.conda/envs/dnlp/lib/python3.10/site-packages (from sacrebleu==2.4.0) (3.2.0)
Requirement already satisfied: regex in /mnt/vast-nhr/home/amon.poenitzsch/u17479/.conda/envs/dnlp/lib/python3.10/site-packages (from sacrebleu==2.4.0) (2024.11.6)
Requirement already satisfied: tabulate>=0.8.9 in /mnt/vast-nhr/home/amon.poenitzsch/u17479/.conda/envs/dnlp/lib/python3.10/site-packages (from sacrebleu==2.4.0) (0.9.0)
Requirement already satisfied: numpy>=1.17 in /mnt/vast-nhr/home/amon.poenitzsch/u17479/.conda/envs/dnlp/lib/python3.10/site-packages (from sacrebleu==2.4.0) (1.26.4)
Requirement already satisfied: colorama in /mnt/vast-nhr/home/amon.poenitzsch/u17479/.conda/envs/dnlp/lib/python3.10/site-packages (from sacrebleu==2.4.0) (0.4.6)
Requirement already satisfied: lxml in /mnt/vast-nhr/home/amon.poenitzsch/u17479/.conda/envs/dnlp/lib/python3.10/site-packages (from sacrebleu==2.4.0) (6.0.0)
Requirement already satisfied: scipy>=1.6.0 in /mnt/vast-nhr/home/amon.poenitzsch/u17479/.conda/envs/dnlp/lib/python3.10/site-packages (from scikit_learn==1.6.1) (1.15.3)
Requirement already satisfied: joblib>=1.2.0 in /mnt/vast-nhr/home/amon.poenitzsch/u17479/.conda/envs/dnlp/lib/python3.10/site-packages (from scikit_learn==1.6.1) (1.5.1)
Requirement already satisfied: threadpoolctl>=3.1.0 in /mnt/vast-nhr/home/amon.poenitzsch/u17479/.conda/envs/dnlp/lib/python3.10/site-packages (from scikit_learn==1.6.1) (3.6.0)
Requirement already satisfied: urllib3>=1.25.3 in /mnt/vast-nhr/home/amon.poenitzsch/u17479/.conda/envs/dnlp/lib/python3.10/site-packages (from explainaboard-api-client>=0.4.3->explainaboard-client==0.1.4) (2.5.0)
Requirement already satisfied: python-dateutil in /mnt/vast-nhr/home/amon.poenitzsch/u17479/.conda/envs/dnlp/lib/python3.10/site-packages (from explainaboard-api-client>=0.4.3->explainaboard-client==0.1.4) (2.9.0.post0)
Requirement already satisfied: six>=1.5 in /mnt/vast-nhr/home/amon.poenitzsch/u17479/.conda/envs/dnlp/lib/python3.10/site-packages (from python-dateutil->explainaboard-api-client>=0.4.3->explainaboard-client==0.1.4) (1.17.0)
/user/amon.poenitzsch/u17479/.conda/envs/dnlp/lib/python3.10/site-packages/huggingface_hub/file_download.py:943: FutureWarning: `resume_download` is deprecated and will be removed in version 1.0.0. Downloads always resume when possible. If you want to force a new download, use `force_download=True`.
  warnings.warn(
/user/amon.poenitzsch/u17479/.conda/envs/dnlp/lib/python3.10/site-packages/huggingface_hub/file_download.py:943: FutureWarning: `resume_download` is deprecated and will be removed in version 1.0.0. Downloads always resume when possible. If you want to force a new download, use `force_download=True`.
  warnings.warn(
============ Job Information ===================================================
Submitted: 2025-07-27T02:06:03
Started: 2025-07-27T02:06:59
Ended: 2025-07-27T02:10:16
Elapsed: 4 min, Limit: 720 min, Difference: 716 min
CPUs: 192, Nodes: 1
Estimated Consumption: 6.40 core-hours
================================================================================
