================================================================================
JobID = 10785223
User = u17479, Account = nhr_ni_dnlpss25_g04
Partition = grete:shared, Nodelist = ggpu110
================================================================================
Submitting job with sbatch from directory: /mnt/vast-nhr/home/amon.poenitzsch/u17479/nlp_2025_NiceLovablePeople
Home directory: /user/amon.poenitzsch/u17479
Working directory: /mnt/vast-nhr/home/amon.poenitzsch/u17479/nlp_2025_NiceLovablePeople
Current node: ggpu110
Python 3.10.18
Collecting environment information...
PyTorch version: 2.2.0
Is debug build: False
CUDA used to build PyTorch: 12.1
ROCM used to build PyTorch: N/A

OS: Rocky Linux 8.10 (Green Obsidian) (x86_64)
GCC version: (GCC) 8.5.0 20210514 (Red Hat 8.5.0-26)
Clang version: Could not collect
CMake version: version 3.26.5
Libc version: glibc-2.28

Python version: 3.10.18 | packaged by conda-forge | (main, Jun  4 2025, 14:45:41) [GCC 13.3.0] (64-bit runtime)
Python platform: Linux-4.18.0-553.54.1.el8_10.x86_64-x86_64-with-glibc2.28
Is CUDA available: True
CUDA runtime version: Could not collect
CUDA_MODULE_LOADING set to: LAZY
GPU models and configuration: GPU 0: NVIDIA A100-SXM4-40GB
Nvidia driver version: 550.163.01
cuDNN version: Could not collect
HIP runtime version: N/A
MIOpen runtime version: N/A
Is XNNPACK available: True

CPU:
Architecture:        x86_64
CPU op-mode(s):      32-bit, 64-bit
Byte Order:          Little Endian
CPU(s):              128
On-line CPU(s) list: 0-127
Thread(s) per core:  2
Core(s) per socket:  32
Socket(s):           2
NUMA node(s):        2
Vendor ID:           AuthenticAMD
CPU family:          25
Model:               1
Model name:          AMD EPYC 7513 32-Core Processor
Stepping:            1
CPU MHz:             1564.063
CPU max MHz:         3681.6399
CPU min MHz:         1500.0000
BogoMIPS:            5200.42
Virtualization:      AMD-V
L1d cache:           32K
L1i cache:           32K
L2 cache:            512K
L3 cache:            32768K
NUMA node0 CPU(s):   0-31,64-95
NUMA node1 CPU(s):   32-63,96-127
Flags:               fpu vme de pse tsc msr pae mce cx8 apic sep mtrr pge mca cmov pat pse36 clflush mmx fxsr sse sse2 ht syscall nx mmxext fxsr_opt pdpe1gb rdtscp lm constant_tsc rep_good nopl nonstop_tsc cpuid extd_apicid aperfmperf pni pclmulqdq monitor ssse3 fma cx16 pcid sse4_1 sse4_2 movbe popcnt aes xsave avx f16c rdrand lahf_lm cmp_legacy svm extapic cr8_legacy abm sse4a misalignsse 3dnowprefetch osvw ibs skinit wdt tce topoext perfctr_core perfctr_nb bpext perfctr_llc mwaitx cpb cat_l3 cdp_l3 invpcid_single hw_pstate ssbd mba ibrs ibpb stibp vmmcall fsgsbase bmi1 avx2 smep bmi2 erms invpcid cqm rdt_a rdseed adx smap clflushopt clwb sha_ni xsaveopt xsavec xgetbv1 xsaves cqm_llc cqm_occup_llc cqm_mbm_total cqm_mbm_local clzero irperf xsaveerptr wbnoinvd amd_ppin brs arat npt lbrv svm_lock nrip_save tsc_scale vmcb_clean flushbyasid decodeassists pausefilter pfthreshold v_vmsave_vmload vgif v_spec_ctrl umip pku ospke vaes vpclmulqdq rdpid overflow_recov succor smca fsrm

Versions of relevant libraries:
[pip3] numpy==1.26.4
[pip3] torch==2.2.0
[pip3] torchaudio==2.2.0
[pip3] torchvision==0.17.0
[pip3] triton==2.2.0
[conda] blas                      1.0                         mkl    conda-forge
[conda] libblas                   3.9.0            16_linux64_mkl    conda-forge
[conda] libcblas                  3.9.0            16_linux64_mkl    conda-forge
[conda] liblapack                 3.9.0            16_linux64_mkl    conda-forge
[conda] libopenvino-pytorch-frontend 2025.2.0             hecca717_1    conda-forge
[conda] mkl                       2022.2.1         h84fe81f_16997    conda-forge
[conda] numpy                     1.26.4          py310hb13e2d6_0    conda-forge
[conda] pytorch                   2.2.0           py3.10_cuda12.1_cudnn8.9.2_0    pytorch
[conda] pytorch-cuda              12.1                 ha16c6d3_6    pytorch
[conda] pytorch-mutex             1.0                        cuda    pytorch
[conda] torchaudio                2.2.0               py310_cu121    pytorch
[conda] torchtriton               2.2.0                     py310    pytorch
[conda] torchvision               0.17.0              py310_cu121    pytorch

Current Branch: Amon_results
Latest Commit: f382e4c
Uncommitted Changes: 0


Starting SST


Starting STS


Starting QQP

args: Namespace(task='qqp', seed=11711, epochs=6, option='finetune', use_gpu=True)
Loaded 7898 train examples from data/sst-sentiment-train.csv
Loaded 135134 train examples from data/quora-paraphrase-train.csv
Loaded 5719 train examples from data/sts-similarity-train.csv
Loaded 2730 train examples from data/etpc-paraphrase-train.csv
Loaded 1974 train examples from data/sst-sentiment-dev.csv
Loaded 33783 train examples from data/quora-paraphrase-dev.csv
Loaded 1430 train examples from data/sts-similarity-dev.csv
Loaded 0 train examples from data/etpc-paraphrase-dev.csv
------------------------------
    BERT Model Configuration
------------------------------
{'batch_size': 64,
 'epochs': 6,
 'filepath': 'models/finetune-6-1e-05-qqp.pt',
 'hidden_dropout_prob': 0.1,
 'local_files_only': False,
 'lr': 1e-05,
 'option': 'finetune',
 'seed': 11711,
 'task': 'qqp',
 'use_gpu': True}
------------------------------
Paraphrase detection accuracy: 0.896
Paraphrase detection accuracy: 0.865
Epoch 01 (qqp): train loss :: 0.354, train :: 0.896, dev :: 0.865
Saving the model to models/finetune-6-1e-05-qqp.pt.
Paraphrase detection accuracy: 0.941
Paraphrase detection accuracy: 0.880
Epoch 02 (qqp): train loss :: 0.248, train :: 0.941, dev :: 0.880
Saving the model to models/finetune-6-1e-05-qqp.pt.
Paraphrase detection accuracy: 0.967
Paraphrase detection accuracy: 0.884
Epoch 03 (qqp): train loss :: 0.179, train :: 0.967, dev :: 0.884
Saving the model to models/finetune-6-1e-05-qqp.pt.
Paraphrase detection accuracy: 0.986
Paraphrase detection accuracy: 0.886
Epoch 04 (qqp): train loss :: 0.123, train :: 0.986, dev :: 0.886
Saving the model to models/finetune-6-1e-05-qqp.pt.
Paraphrase detection accuracy: 0.992
Paraphrase detection accuracy: 0.883
Epoch 05 (qqp): train loss :: 0.081, train :: 0.992, dev :: 0.883
Paraphrase detection accuracy: 0.994
Paraphrase detection accuracy: 0.882
Epoch 06 (qqp): train loss :: 0.056, train :: 0.994, dev :: 0.882

Starting PTD-Bert


Starting PTD


Starting PG

============ Job Information ===================================================
Submitted: 2025-09-07T19:10:16
Started: 2025-09-07T19:10:49
Ended: 2025-09-07T20:25:55
Elapsed: 76 min, Limit: 160 min, Difference: 84 min
CPUs: 8, Nodes: 1
Estimated Consumption: 190.00 core-hours
================================================================================
