================================================================================
JobID = 10820009
User = u17477, Account = nhr_ni_dnlpss25_g04
Partition = grete:shared, Nodelist = ggpu153
================================================================================
Submitting job with sbatch from directory: /mnt/vast-nhr/home/georg.eckardt/u17477/nlp_2025_NiceLovablePeople
Home directory: /user/georg.eckardt/u17477
Working directory: /mnt/vast-nhr/home/georg.eckardt/u17477/nlp_2025_NiceLovablePeople
Current node: ggpu153
Python 3.10.18
Collecting environment information...
PyTorch version: 2.2.0
Is debug build: False
CUDA used to build PyTorch: 12.1
ROCM used to build PyTorch: N/A

OS: Rocky Linux 8.10 (Green Obsidian) (x86_64)
GCC version: (GCC) 8.5.0 20210514 (Red Hat 8.5.0-26)
Clang version: Could not collect
CMake version: version 3.26.5
Libc version: glibc-2.28

Python version: 3.10.18 | packaged by conda-forge | (main, Jun  4 2025, 14:45:41) [GCC 13.3.0] (64-bit runtime)
Python platform: Linux-4.18.0-553.54.1.el8_10.x86_64-x86_64-with-glibc2.28
Is CUDA available: True
CUDA runtime version: Could not collect
CUDA_MODULE_LOADING set to: LAZY
GPU models and configuration: GPU 0: NVIDIA A100-SXM4-80GB
Nvidia driver version: 550.163.01
cuDNN version: Could not collect
HIP runtime version: N/A
MIOpen runtime version: N/A
Is XNNPACK available: True

CPU:
Architecture:        x86_64
CPU op-mode(s):      32-bit, 64-bit
Byte Order:          Little Endian
CPU(s):              128
On-line CPU(s) list: 0-127
Thread(s) per core:  2
Core(s) per socket:  32
Socket(s):           2
NUMA node(s):        2
Vendor ID:           AuthenticAMD
CPU family:          25
Model:               1
Model name:          AMD EPYC 7513 32-Core Processor
Stepping:            1
CPU MHz:             3674.364
CPU max MHz:         3681.6399
CPU min MHz:         1500.0000
BogoMIPS:            5199.86
Virtualization:      AMD-V
L1d cache:           32K
L1i cache:           32K
L2 cache:            512K
L3 cache:            32768K
NUMA node0 CPU(s):   0-31,64-95
NUMA node1 CPU(s):   32-63,96-127
Flags:               fpu vme de pse tsc msr pae mce cx8 apic sep mtrr pge mca cmov pat pse36 clflush mmx fxsr sse sse2 ht syscall nx mmxext fxsr_opt pdpe1gb rdtscp lm constant_tsc rep_good nopl nonstop_tsc cpuid extd_apicid aperfmperf pni pclmulqdq monitor ssse3 fma cx16 pcid sse4_1 sse4_2 movbe popcnt aes xsave avx f16c rdrand lahf_lm cmp_legacy svm extapic cr8_legacy abm sse4a misalignsse 3dnowprefetch osvw ibs skinit wdt tce topoext perfctr_core perfctr_nb bpext perfctr_llc mwaitx cpb cat_l3 cdp_l3 invpcid_single hw_pstate ssbd mba ibrs ibpb stibp vmmcall fsgsbase bmi1 avx2 smep bmi2 erms invpcid cqm rdt_a rdseed adx smap clflushopt clwb sha_ni xsaveopt xsavec xgetbv1 xsaves cqm_llc cqm_occup_llc cqm_mbm_total cqm_mbm_local clzero irperf xsaveerptr wbnoinvd amd_ppin brs arat npt lbrv svm_lock nrip_save tsc_scale vmcb_clean flushbyasid decodeassists pausefilter pfthreshold v_vmsave_vmload vgif v_spec_ctrl umip pku ospke vaes vpclmulqdq rdpid overflow_recov succor smca fsrm

Versions of relevant libraries:
[pip3] numpy==1.26.4
[pip3] torch==2.2.0
[pip3] torchaudio==2.2.0
[pip3] torchvision==0.17.0
[pip3] triton==2.2.0
[conda] blas                      1.0                         mkl    conda-forge
[conda] libblas                   3.9.0            16_linux64_mkl    conda-forge
[conda] libcblas                  3.9.0            16_linux64_mkl    conda-forge
[conda] liblapack                 3.9.0            16_linux64_mkl    conda-forge
[conda] libopenvino-pytorch-frontend 2025.2.0             hecca717_1    conda-forge
[conda] mkl                       2022.2.1         h84fe81f_16997    conda-forge
[conda] numpy                     1.26.4          py310hb13e2d6_0    conda-forge
[conda] pytorch                   2.2.0           py3.10_cuda12.1_cudnn8.9.2_0    pytorch
[conda] pytorch-cuda              12.1                 ha16c6d3_6    pytorch
[conda] pytorch-mutex             1.0                        cuda    pytorch
[conda] torchaudio                2.2.0               py310_cu121    pytorch
[conda] torchtriton               2.2.0                     py310    pytorch
[conda] torchvision               0.17.0              py310_cu121    pytorch

Current Branch: georg
Latest Commit: a550873
Uncommitted Changes: 15


Starting SST


Starting STS


Starting QQP


Starting PTD-Bert


Starting PTD

16
[376, 125, 134, 369, 479, 1757, 305, 140, 4, 10, 540, 33, 118, 14, 50, 28, 313, 522, 49, 202, 2082, 552, 240, 2705, 425, 63]
Loaded 2730 training samples.
1e-05
16
100
16
Train Loss:  0.018285268815710163
Validation Loss:  0.016693744701998574
Train Loss:  0.016404439518432113
Validation Loss:  0.01606396785272019
Train Loss:  0.0158673224522032
Validation Loss:  0.01576897885118212
Train Loss:  0.01513858191179533
Validation Loss:  0.01532760113477707
Train Loss:  0.01436635426986609
Validation Loss:  0.014811993177448
Train Loss:  0.01343893551396845
Validation Loss:  0.01518748469118561
Train Loss:  0.012417137697610978
Validation Loss:  0.015331992959337576
Train Loss:  0.011332297187815182
Validation Loss:  0.015504689514636993
Train Loss:  0.010284580280120572
Validation Loss:  0.015217451032783304
Early Stopp !!!
Training finished.
The precision of the model is: 0.832
The recall of the model is: 0.568
The f1 of the model is: 0.675
The accuracy of the model is: 0.912
Matthews Correlation Coefficient of the model is: 0.089

Starting PG

============ Job Information ===================================================
Submitted: 2025-09-09T03:57:19
Started: 2025-09-09T03:57:20
Ended: 2025-09-09T04:05:06
Elapsed: 8 min, Limit: 120 min, Difference: 112 min
CPUs: 8, Nodes: 1
Estimated Consumption: 20.00 core-hours
================================================================================
