================================================================================
JobID = 10820197
User = u17477, Account = nhr_ni_dnlpss25_g04
Partition = grete:shared, Nodelist = ggpu122
================================================================================
Submitting job with sbatch from directory: /mnt/vast-nhr/home/georg.eckardt/u17477/nlp_2025_NiceLovablePeople
Home directory: /user/georg.eckardt/u17477
Working directory: /mnt/vast-nhr/home/georg.eckardt/u17477/nlp_2025_NiceLovablePeople
Current node: ggpu122
Python 3.10.18
Collecting environment information...
PyTorch version: 2.2.0
Is debug build: False
CUDA used to build PyTorch: 12.1
ROCM used to build PyTorch: N/A

OS: Rocky Linux 8.10 (Green Obsidian) (x86_64)
GCC version: (GCC) 8.5.0 20210514 (Red Hat 8.5.0-26)
Clang version: Could not collect
CMake version: version 3.26.5
Libc version: glibc-2.28

Python version: 3.10.18 | packaged by conda-forge | (main, Jun  4 2025, 14:45:41) [GCC 13.3.0] (64-bit runtime)
Python platform: Linux-4.18.0-553.63.1.el8_10.x86_64-x86_64-with-glibc2.28
Is CUDA available: True
CUDA runtime version: Could not collect
CUDA_MODULE_LOADING set to: LAZY
GPU models and configuration: GPU 0: NVIDIA A100-SXM4-40GB
Nvidia driver version: 550.163.01
cuDNN version: Could not collect
HIP runtime version: N/A
MIOpen runtime version: N/A
Is XNNPACK available: True

CPU:
Architecture:        x86_64
CPU op-mode(s):      32-bit, 64-bit
Byte Order:          Little Endian
CPU(s):              128
On-line CPU(s) list: 0-127
Thread(s) per core:  2
Core(s) per socket:  32
Socket(s):           2
NUMA node(s):        2
Vendor ID:           AuthenticAMD
CPU family:          25
Model:               1
Model name:          AMD EPYC 7513 32-Core Processor
Stepping:            1
CPU MHz:             2600.000
CPU max MHz:         3681.6399
CPU min MHz:         1500.0000
BogoMIPS:            5199.40
Virtualization:      AMD-V
L1d cache:           32K
L1i cache:           32K
L2 cache:            512K
L3 cache:            32768K
NUMA node0 CPU(s):   0-31,64-95
NUMA node1 CPU(s):   32-63,96-127
Flags:               fpu vme de pse tsc msr pae mce cx8 apic sep mtrr pge mca cmov pat pse36 clflush mmx fxsr sse sse2 ht syscall nx mmxext fxsr_opt pdpe1gb rdtscp lm constant_tsc rep_good nopl nonstop_tsc cpuid extd_apicid aperfmperf pni pclmulqdq monitor ssse3 fma cx16 pcid sse4_1 sse4_2 movbe popcnt aes xsave avx f16c rdrand lahf_lm cmp_legacy svm extapic cr8_legacy abm sse4a misalignsse 3dnowprefetch osvw ibs skinit wdt tce topoext perfctr_core perfctr_nb bpext perfctr_llc mwaitx cpb cat_l3 cdp_l3 invpcid_single hw_pstate ssbd mba ibrs ibpb stibp vmmcall fsgsbase bmi1 avx2 smep bmi2 erms invpcid cqm rdt_a rdseed adx smap clflushopt clwb sha_ni xsaveopt xsavec xgetbv1 xsaves cqm_llc cqm_occup_llc cqm_mbm_total cqm_mbm_local clzero irperf xsaveerptr wbnoinvd amd_ppin brs arat npt lbrv svm_lock nrip_save tsc_scale vmcb_clean flushbyasid decodeassists pausefilter pfthreshold v_vmsave_vmload vgif v_spec_ctrl umip pku ospke vaes vpclmulqdq rdpid overflow_recov succor smca fsrm

Versions of relevant libraries:
[pip3] numpy==1.26.4
[pip3] torch==2.2.0
[pip3] torchaudio==2.2.0
[pip3] torchvision==0.17.0
[pip3] triton==2.2.0
[conda] blas                      1.0                         mkl    conda-forge
[conda] libblas                   3.9.0            16_linux64_mkl    conda-forge
[conda] libcblas                  3.9.0            16_linux64_mkl    conda-forge
[conda] liblapack                 3.9.0            16_linux64_mkl    conda-forge
[conda] libopenvino-pytorch-frontend 2025.2.0             hecca717_1    conda-forge
[conda] mkl                       2022.2.1         h84fe81f_16997    conda-forge
[conda] numpy                     1.26.4          py310hb13e2d6_0    conda-forge
[conda] pytorch                   2.2.0           py3.10_cuda12.1_cudnn8.9.2_0    pytorch
[conda] pytorch-cuda              12.1                 ha16c6d3_6    pytorch
[conda] pytorch-mutex             1.0                        cuda    pytorch
[conda] torchaudio                2.2.0               py310_cu121    pytorch
[conda] torchtriton               2.2.0                     py310    pytorch
[conda] torchvision               0.17.0              py310_cu121    pytorch

Current Branch: georg
Latest Commit: a550873
Uncommitted Changes: 15


Starting SST


Starting STS


Starting QQP


Starting PTD-Bert


Starting PTD

32_gammas
Start:  1
[376, 125, 134, 369, 479, 1757, 305, 140, 4, 10, 540, 33, 118, 14, 50, 28, 313, 522, 49, 202, 2082, 552, 240, 2705, 425, 63]
Loaded 2730 training samples.
1e-05
32
100
32_gammas
Train Loss:  3.932309732057046
Validation Loss:  2.2639023893409305
Train Loss:  3.489337036575096
Validation Loss:  2.350310719675488
Train Loss:  3.40285981565282
Validation Loss:  2.079653845893012
Train Loss:  3.2957878251006636
Validation Loss:  2.0128773351510367
Train Loss:  3.1796458268511123
Validation Loss:  1.9877446500791445
Train Loss:  3.041650870571966
Validation Loss:  2.014515240987142
Train Loss:  2.8826575745706973
Validation Loss:  1.842203389853239
Train Loss:  2.6881933376409006
Validation Loss:  2.042307361132569
Train Loss:  2.493093192577362
Validation Loss:  1.7907481317718823
Train Loss:  2.2861696689025215
Validation Loss:  1.9266605555183358
Train Loss:  2.018733582634857
Validation Loss:  1.9148955129914813
Train Loss:  1.7403923575428948
Validation Loss:  1.9212978424297438
Train Loss:  1.5511030723219332
Validation Loss:  1.8628054335713387
Early Stopp !!!
Training finished.
The precision of the model is: 0.814
The recall of the model is: 0.534
The f1 of the model is: 0.645
The accuracy of the model is: 0.905
Matthews Correlation Coefficient of the model is: 0.134
Start:  2
[376, 125, 134, 369, 479, 1757, 305, 140, 4, 10, 540, 33, 118, 14, 50, 28, 313, 522, 49, 202, 2082, 552, 240, 2705, 425, 63]
Loaded 2730 training samples.
1e-05
32
100
32_gammas
Train Loss:  2.051313867603523
Validation Loss:  1.2246998809278011
Train Loss:  1.8476435092912205
Validation Loss:  1.3009587137235537
Train Loss:  1.8132685854815054
Validation Loss:  1.2004630379378796
Train Loss:  1.775788052358489
Validation Loss:  1.1664136946201324
Train Loss:  1.733382577913395
Validation Loss:  1.1220934746993914
Train Loss:  1.6800447443257207
Validation Loss:  1.1516615483495924
Train Loss:  1.6264884756959004
Validation Loss:  1.1086895532078214
Train Loss:  1.5540397210397583
Validation Loss:  1.075148223588864
Train Loss:  1.4659003278483516
Validation Loss:  0.9794525408910381
Train Loss:  1.3986292239548503
Validation Loss:  1.1286239822705586
Train Loss:  1.3011956163074658
Validation Loss:  1.0317111586531003
Train Loss:  1.1843984187513157
Validation Loss:  1.0750951286819246
Train Loss:  1.077447235584259
Validation Loss:  1.0798155390140083
Early Stopp !!!
Training finished.
The precision of the model is: 0.837
The recall of the model is: 0.558
The f1 of the model is: 0.670
The accuracy of the model is: 0.911
Matthews Correlation Coefficient of the model is: 0.118
Start:  3
[376, 125, 134, 369, 479, 1757, 305, 140, 4, 10, 540, 33, 118, 14, 50, 28, 313, 522, 49, 202, 2082, 552, 240, 2705, 425, 63]
Loaded 2730 training samples.
1e-05
32
100
32_gammas
Train Loss:  1.0711607263571974
Validation Loss:  0.7045780643820763
Train Loss:  0.9548557806706083
Validation Loss:  0.7246371555245585
Train Loss:  0.9368607147016387
Validation Loss:  0.6614196565416124
Train Loss:  0.9105128140553184
Validation Loss:  0.6425077704091867
Train Loss:  0.8835109601850095
Validation Loss:  0.6431161883390613
Train Loss:  0.8526978104010873
Validation Loss:  0.6256400189465947
Train Loss:  0.8131842846455781
Validation Loss:  0.6033825069251988
Train Loss:  0.7713692723840907
Validation Loss:  0.6257811343918244
Train Loss:  0.7274248133534971
Validation Loss:  0.5798960775136948
Train Loss:  0.6760041491276976
Validation Loss:  0.6621596751113733
Train Loss:  0.6168514062529025
Validation Loss:  0.620398599240515
Train Loss:  0.5501528352067091
Validation Loss:  0.6700489951504601
Train Loss:  0.485643672986307
Validation Loss:  0.6425391137599945
Early Stopp !!!
Training finished.
The precision of the model is: 0.827
The recall of the model is: 0.547
The f1 of the model is: 0.658
The accuracy of the model is: 0.908
Matthews Correlation Coefficient of the model is: 0.120
Start:  4
[376, 125, 134, 369, 479, 1757, 305, 140, 4, 10, 540, 33, 118, 14, 50, 28, 313, 522, 49, 202, 2082, 552, 240, 2705, 425, 63]
Loaded 2730 training samples.
1e-05
32
100
32_gammas
Train Loss:  0.5630820725059164
Validation Loss:  0.39099728781729937
Train Loss:  0.49760113397370215
Validation Loss:  0.41050583827826714
Train Loss:  0.4892785408790561
Validation Loss:  0.37702983245253563
Train Loss:  0.4783133722949719
Validation Loss:  0.3727594268404775
Train Loss:  0.46620940233486285
Validation Loss:  0.3794670653425985
Train Loss:  0.45332913716202194
Validation Loss:  0.3547094657810198
Train Loss:  0.4382551866381065
Validation Loss:  0.3565201200544834
Train Loss:  0.4208239325578662
Validation Loss:  0.3509340811934736
Train Loss:  0.4000592987606491
Validation Loss:  0.3259015033642451
Train Loss:  0.3815053448728893
Validation Loss:  0.3604905010304517
Train Loss:  0.3558432712503102
Validation Loss:  0.35347736802779967
Train Loss:  0.3309264943219613
Validation Loss:  0.3823718670755625
Train Loss:  0.2966586638619934
Validation Loss:  0.3630525796777672
Early Stopp !!!
Training finished.
The precision of the model is: 0.857
The recall of the model is: 0.531
The f1 of the model is: 0.656
The accuracy of the model is: 0.910
Matthews Correlation Coefficient of the model is: 0.086
Start:  5
[376, 125, 134, 369, 479, 1757, 305, 140, 4, 10, 540, 33, 118, 14, 50, 28, 313, 522, 49, 202, 2082, 552, 240, 2705, 425, 63]
Loaded 2730 training samples.
1e-05
32
100
32_gammas
Train Loss:  0.2947142547455387
Validation Loss:  0.2169706593785021
Train Loss:  0.25393028384533484
Validation Loss:  0.21664569547606838
Train Loss:  0.24978221067483874
Validation Loss:  0.20698571153399017
Train Loss:  0.24265790169221768
Validation Loss:  0.198797435603208
Train Loss:  0.23550155380929727
Validation Loss:  0.2076236456632614
Train Loss:  0.22822184887701186
Validation Loss:  0.19340113710819018
Train Loss:  0.219248847577019
Validation Loss:  0.1975039729538063
Train Loss:  0.21010264149610547
Validation Loss:  0.20289434145929086
Train Loss:  0.19933606279285057
Validation Loss:  0.19065700016087955
Train Loss:  0.1884887886868007
Validation Loss:  0.21279081593578061
Train Loss:  0.17555420613591222
Validation Loss:  0.20635816956766778
Train Loss:  0.15973168039235516
Validation Loss:  0.22863163478258583
Train Loss:  0.14437827673079312
Validation Loss:  0.21662294088552395
Early Stopp !!!
Training finished.
The precision of the model is: 0.841
The recall of the model is: 0.551
The f1 of the model is: 0.666
The accuracy of the model is: 0.911
Matthews Correlation Coefficient of the model is: 0.101

Starting PG

============ Job Information ===================================================
Submitted: 2025-09-09T04:16:23
Started: 2025-09-09T04:16:25
Ended: 2025-09-09T05:01:31
Elapsed: 46 min, Limit: 120 min, Difference: 74 min
CPUs: 8, Nodes: 1
Estimated Consumption: 115.00 core-hours
================================================================================
